// Jest Snapshot v1, https://goo.gl/fbAQLP

exports[`App should render a loading indicator 1`] = `
<div>
  Loading...
</div>
`;

exports[`App should render correctly with variables loaded 1`] = `
<styled.div>
  <styled.section>
    <styled.h1>
      The component
    </styled.h1>
    <VariableCatalog
      variables={
        Object {
          "index": Object {},
          "order": Array [],
        }
      }
    />
  </styled.section>
  <styled.section>
    <styled.h1>
      Variable position finder
    </styled.h1>
    <Connect(VariablePositionFinder) />
  </styled.section>
  <styled.section>
    <styled.h1>
      Variable finder
    </styled.h1>
    <Connect(VariableFinder) />
  </styled.section>
</styled.div>
`;
