// Jest Snapshot v1, https://goo.gl/fbAQLP

exports[`VariableFinder snapshot should render correctly 1`] = `
.c1 {
  display: -webkit-box;
  display: -webkit-flex;
  display: -ms-flexbox;
  display: flex;
  -webkit-flex-direction: row;
  -ms-flex-direction: row;
  flex-direction: row;
  -webkit-box-pack: start;
  -webkit-justify-content: flex-start;
  -ms-flex-pack: start;
  justify-content: flex-start;
  -webkit-flex-wrap: nowrap;
  -ms-flex-wrap: nowrap;
  flex-wrap: nowrap;
  -webkit-align-items: center;
  -webkit-box-align: center;
  -ms-flex-align: center;
  align-items: center;
  margin-top: 0.5rem;
}

.c2 {
  display: inline-block;
  border-radius: 50px;
  padding: 0.5rem 1rem;
  font-size: 0.85rem;
  color: #f6f6f6;
  background-color: #666;
}

.c3 {
  display: inline-block;
  width: 24px;
  height: 24px;
  -webkit-flex: 0 0 auto;
  -ms-flex: 0 0 auto;
  flex: 0 0 auto;
  background-image: url(test-file-stub);
}

.c0 {
  display: -webkit-box;
  display: -webkit-flex;
  display: -ms-flexbox;
  display: flex;
  -webkit-flex-direction: row;
  -ms-flex-direction: row;
  flex-direction: row;
  -webkit-box-pack: start;
  -webkit-justify-content: flex-start;
  -ms-flex-pack: start;
  justify-content: flex-start;
  -webkit-align-items: center;
  -webkit-box-align: center;
  -ms-flex-align: center;
  align-items: center;
  -webkit-flex-wrap: wrap;
  -ms-flex-wrap: wrap;
  flex-wrap: wrap;
  margin: 0;
  padding: 0;
  list-style-type: none;
}

.c4 {
  display: -webkit-box;
  display: -webkit-flex;
  display: -ms-flexbox;
  display: flex;
  -webkit-flex-direction: row;
  -ms-flex-direction: row;
  flex-direction: row;
  -webkit-box-pack: start;
  -webkit-justify-content: flex-start;
  -ms-flex-pack: start;
  justify-content: flex-start;
  -webkit-align-items: center;
  -webkit-box-align: center;
  -ms-flex-align: center;
  align-items: center;
  -webkit-flex-wrap: nowrap;
  -ms-flex-wrap: nowrap;
  flex-wrap: nowrap;
  margin-top: 0.5rem;
}

<div>
  <ul
    class="c0"
  >
    <li
      class="c1"
    >
      <div
        class="c2"
      >
        Root
      </div>
      <div
        class="c3"
      />
    </li>
    <li
      class="c4"
    >
      <select>
        <option>
          Select a key...
        </option>
        <option>
          0
        </option>
        <option>
          1
        </option>
        <option>
          2
        </option>
        <option>
          3
        </option>
        <option>
          4
        </option>
        <option>
          5
        </option>
      </select>
    </li>
  </ul>
</div>
`;
